BL51 BANKED LINKER/LOCATER V6.22.2.0                                                    02/05/2020  15:20:07  PAGE 1


BL51 BANKED LINKER/LOCATER V6.22.2.0, INVOKED BY:
C:\KEIL_V5\C51\BIN\BL51.EXE .\Objects\STARTUP.obj, .\Objects\main.obj TO .\Objects\运动轨迹 PRINT (.\Listings\运动轨迹.m
>> 51) RAMSIZE (256)


MEMORY MODEL: COMPACT WITH FLOATING POINT ARITHMETIC


INPUT MODULES INCLUDED:
  .\Objects\STARTUP.obj (?C_STARTUP)
  .\Objects\main.obj (MAIN)
  C:\KEIL_V5\C51\LIB\C51FPC.LIB (?C?FPADD)
  C:\KEIL_V5\C51\LIB\C51FPC.LIB (?C?FPMUL)
  C:\KEIL_V5\C51\LIB\C51FPC.LIB (?C?FPDIV)
  C:\KEIL_V5\C51\LIB\C51FPC.LIB (?C?FPCMP)
  C:\KEIL_V5\C51\LIB\C51FPC.LIB (?C?FCAST)
  C:\KEIL_V5\C51\LIB\C51FPC.LIB (FABS)
  C:\KEIL_V5\C51\LIB\C51FPC.LIB (?C?FPGETOPN)
  C:\KEIL_V5\C51\LIB\C51C.LIB (?C_INIT)
  C:\KEIL_V5\C51\LIB\C51C.LIB (?C?CLDPTR)
  C:\KEIL_V5\C51\LIB\C51C.LIB (?C?LNEG)
  C:\KEIL_V5\C51\LIB\C51C.LIB (?C?LSTPDATA)
  C:\KEIL_V5\C51\LIB\C51C.LIB (?C?LSTKPDATA)


LINK MAP OF MODULE:  .\Objects\运动轨迹 (?C_STARTUP)


            TYPE    BASE      LENGTH    RELOCATION   SEGMENT NAME
            -----------------------------------------------------

            * * * * * * *   D A T A   M E M O R Y   * * * * * * *
            REG     0000H     0008H     ABSOLUTE     "REG BANK 0"
            IDATA   0008H     0001H     UNIT         ?STACK

            * * * * * * *  X D A T A   M E M O R Y  * * * * * * *
            XDATA   0000H     0083H     INPAGE       ?PD?MAIN

            * * * * * * *   C O D E   M E M O R Y   * * * * * * *
            CODE    0000H     0003H     ABSOLUTE     
                    0003H     0008H                  *** GAP ***
            CODE    000BH     0003H     ABSOLUTE     
            CODE    000EH     0011H     UNIT         ?PR?TIMER0INIT?MAIN
                    001FH     0004H                  *** GAP ***
            CODE    0023H     0003H     ABSOLUTE     
            CODE    0026H     0017H     UNIT         ?PR?CONFIGUART1?MAIN
                    003DH     0006H                  *** GAP ***
            CODE    0043H     0003H     ABSOLUTE     
            CODE    0046H     03EBH     UNIT         ?C?LIB_CODE
            CODE    0431H     0196H     UNIT         ?PR?MAIN?MAIN
            CODE    05C7H     0186H     UNIT         ?PR?INTERRUPTTIMER0?MAIN
            CODE    074DH     008CH     UNIT         ?C_C51STARTUP
            CODE    07D9H     0083H     UNIT         ?C_INITSEG
            CODE    085CH     006DH     UNIT         ?PR?INTERRUPTUART2?MAIN
            CODE    08C9H     005CH     UNIT         ?PR?INTERRUPTUART1?MAIN
            CODE    0925H     0010H     UNIT         ?PR?CONFIGUART2?MAIN
            CODE    0935H     000DH     UNIT         ?PR?_FABS?FABS

BL51 BANKED LINKER/LOCATER V6.22.2.0                                                  02/05/2020  15:20:07  PAGE 2




OVERLAY MAP OF MODULE:   .\Objects\运动轨迹 (?C_STARTUP)


SEGMENT
  +--> CALLED SEGMENT
---------------------
?C_C51STARTUP
  +--> ?PR?MAIN?MAIN
  +--> ?C_INITSEG

?PR?MAIN?MAIN
  +--> ?PR?CONFIGUART1?MAIN
  +--> ?PR?CONFIGUART2?MAIN
  +--> ?PR?TIMER0INIT?MAIN
  +--> ?PR?_FABS?FABS



SYMBOL TABLE OF MODULE:  .\Objects\运动轨迹 (?C_STARTUP)

  VALUE           TYPE          NAME
  ----------------------------------

  -------         MODULE        ?C_STARTUP
  C:074DH         SEGMENT       ?C_C51STARTUP
  I:0008H         SEGMENT       ?STACK
  C:0000H         PUBLIC        ?C_STARTUP
  D:00E0H         SYMBOL        ACC
  D:00F0H         SYMBOL        B
  D:0083H         SYMBOL        DPH
  D:0082H         SYMBOL        DPL
  N:0000H         SYMBOL        IBPSTACK
  N:0100H         SYMBOL        IBPSTACKTOP
  N:0080H         SYMBOL        IDATALEN
  C:0750H         SYMBOL        IDATALOOP
  N:0000H         SYMBOL        PBPSTACK
  N:0100H         SYMBOL        PBPSTACKTOP
  N:0000H         SYMBOL        PDATALEN
  N:0000H         SYMBOL        PDATASTART
  N:0000H         SYMBOL        PPAGE
  N:0000H         SYMBOL        PPAGEENABLE
  D:00A0H         SYMBOL        PPAGE_SFR
  D:0081H         SYMBOL        SP
  C:074DH         SYMBOL        STARTUP1
  N:0000H         SYMBOL        XBPSTACK
  N:0000H         SYMBOL        XBPSTACKTOP
  N:0000H         SYMBOL        XDATALEN
  N:0000H         SYMBOL        XDATASTART
  C:0000H         LINE#         126
  C:074DH         LINE#         133
  C:074FH         LINE#         134
  C:0750H         LINE#         135
  C:0751H         LINE#         136
  C:0753H         LINE#         185
  C:0756H         LINE#         196
BL51 BANKED LINKER/LOCATER V6.22.2.0                                                  02/05/2020  15:20:07  PAGE 3


  -------         ENDMOD        ?C_STARTUP

  -------         MODULE        MAIN
  C:0000H         SYMBOL        _ICE_DUMMY_
  D:0080H         PUBLIC        P0
  D:0090H         PUBLIC        P1
  D:00A0H         PUBLIC        P2
  D:00B0H         PUBLIC        P3
  D:00C0H         PUBLIC        P4
  X:0000H         PUBLIC        counter
  D:00C8H         PUBLIC        P5
  B:00A8H.7       PUBLIC        EA
  D:00E8H         PUBLIC        P6
  D:00F8H         PUBLIC        P7
  X:0001H         PUBLIC        ptrTxd
  D:00A8H         PUBLIC        IE
  B:00A8H.4       PUBLIC        ES
  D:00B8H         PUBLIC        IP
  B:0098H.0       PUBLIC        RI
  B:0098H.1       PUBLIC        TI
  D:00D8H         PUBLIC        CCON
  C:0431H         PUBLIC        main
  C:05C7H         PUBLIC        interruptTimer0
  D:0099H         PUBLIC        SBUF
  D:0098H         PUBLIC        SCON
  D:0089H         PUBLIC        TMOD
  D:0088H         PUBLIC        TCON
  X:0004H         PUBLIC        aBefore
  D:00AFH         PUBLIC        IE2
  D:008EH         PUBLIC        AUXR
  B:00A8H.1       PUBLIC        ET0
  B:0088H.5       PUBLIC        TF0
  B:00A8H.3       PUBLIC        ET1
  C:000EH         PUBLIC        Timer0Init
  D:008CH         PUBLIC        TH0
  D:008DH         PUBLIC        TH1
  D:00D6H         PUBLIC        T2H
  D:008AH         PUBLIC        TL0
  D:008BH         PUBLIC        TL1
  D:00D7H         PUBLIC        T2L
  X:0010H         PUBLIC        aAfter
  X:001CH         PUBLIC        Re_buf
  B:0088H.4       PUBLIC        TR0
  B:0088H.6       PUBLIC        TR1
  X:0027H         PUBLIC        str
  X:0047H         PUBLIC        b
  X:004BH         PUBLIC        c
  C:08C9H         PUBLIC        interruptUART1
  D:009BH         PUBLIC        S2BUF
  C:085CH         PUBLIC        interruptUART2
  D:009AH         PUBLIC        S2CON
  X:004FH         PUBLIC        i
  C:0026H         PUBLIC        configUART1
  X:0051H         PUBLIC        j
  C:0925H         PUBLIC        configUART2
  X:0053H         PUBLIC        m
  X:0055H         PUBLIC        s
BL51 BANKED LINKER/LOCATER V6.22.2.0                                                  02/05/2020  15:20:07  PAGE 4


  X:0061H         PUBLIC        testNum
  X:0070H         PUBLIC        v
  X:007CH         PUBLIC        ucStra
  X:0082H         PUBLIC        cntTxd
  D:00D0H         PUBLIC        PSW
  -------         PROC          MAIN
  C:0431H         LINE#         25
  C:0431H         LINE#         26
  C:0431H         LINE#         27
  C:0433H         LINE#         28
  C:0435H         LINE#         29
  C:0437H         LINE#         30
  C:043AH         LINE#         31
  C:043DH         LINE#         32
  C:0440H         LINE#         33
  C:0443H         LINE#         34
  C:0443H         LINE#         35
  C:0443H         LINE#         36
  C:0468H         LINE#         37
  C:0497H         LINE#         38
  C:04C7H         LINE#         39
  C:04DEH         LINE#         40
  C:04DEH         LINE#         41
  C:0503H         LINE#         42
  C:0515H         LINE#         43
  C:0522H         LINE#         45
  C:0539H         LINE#         46
  C:0539H         LINE#         47
  C:053FH         LINE#         48
  C:053FH         LINE#         49
  C:0569H         LINE#         50
  C:057EH         LINE#         51
  C:0594H         LINE#         52
  C:0599H         LINE#         53
  C:059BH         LINE#         54
  C:05A0H         LINE#         55
  C:05B2H         LINE#         56
  C:05B9H         LINE#         57
  -------         ENDPROC       MAIN
  -------         PROC          CONFIGUART1
  C:0026H         LINE#         62
  C:0026H         LINE#         63
  C:0026H         LINE#         64
  C:0029H         LINE#         65
  C:002CH         LINE#         66
  C:002FH         LINE#         67
  C:0032H         LINE#         68
  C:0035H         LINE#         69
  C:0038H         LINE#         70
  C:003AH         LINE#         71
  C:003CH         LINE#         72
  -------         ENDPROC       CONFIGUART1
  -------         PROC          CONFIGUART2
  C:0925H         LINE#         74
  C:0925H         LINE#         75
  C:0925H         LINE#         76
  C:0928H         LINE#         77
BL51 BANKED LINKER/LOCATER V6.22.2.0                                                  02/05/2020  15:20:07  PAGE 5


  C:092BH         LINE#         78
  C:092EH         LINE#         79
  C:0931H         LINE#         80
  C:0934H         LINE#         81
  -------         ENDPROC       CONFIGUART2
  -------         PROC          TIMER0INIT
  C:000EH         LINE#         83
  C:000EH         LINE#         84
  C:000EH         LINE#         85
  C:0011H         LINE#         86
  C:0014H         LINE#         87
  C:0017H         LINE#         88
  C:001AH         LINE#         89
  C:001CH         LINE#         90
  C:001EH         LINE#         91
  -------         ENDPROC       TIMER0INIT
  -------         PROC          INTERRUPTTIMER0
  C:05C7H         LINE#         93
  C:05E4H         LINE#         95
  C:05E6H         LINE#         96
  C:05ECH         LINE#         97
  C:05ECH         LINE#         98
  C:0686H         LINE#         99
  C:06F8H         LINE#         100
  C:071AH         LINE#         101
  C:0732H         LINE#         103
  -------         ENDPROC       INTERRUPTTIMER0
  -------         PROC          INTERRUPTUART1
  C:08C9H         LINE#         105
  C:08DCH         LINE#         107
  C:08DFH         LINE#         108
  C:08DFH         LINE#         109
  C:08E1H         LINE#         110
  C:08E4H         LINE#         111
  C:08E4H         LINE#         112
  C:08E7H         LINE#         113
  C:08E7H         LINE#         114
  C:08E9H         LINE#         116
  C:08F5H         LINE#         117
  C:08F5H         LINE#         118
  C:0904H         LINE#         119
  C:0909H         LINE#         120
  C:0914H         LINE#         121
  C:0914H         LINE#         123
  C:0914H         LINE#         124
  -------         ENDPROC       INTERRUPTUART1
  -------         PROC          INTERRUPTUART2
  C:085CH         LINE#         126
  C:0867H         LINE#         128
  C:086CH         LINE#         129
  C:086CH         LINE#         130
  C:086FH         LINE#         131
  C:086FH         LINE#         132
  C:0874H         LINE#         133
  C:0874H         LINE#         134
  C:0877H         LINE#         135
  C:0881H         LINE#         136
BL51 BANKED LINKER/LOCATER V6.22.2.0                                                  02/05/2020  15:20:07  PAGE 6


  C:088BH         LINE#         137
  C:0890H         LINE#         138
  C:0895H         LINE#         139
  C:0895H         LINE#         140
  C:0896H         LINE#         141
  C:089DH         LINE#         142
  C:089DH         LINE#         143
  C:08A2H         LINE#         144
  C:08A8H         LINE#         145
  C:08AEH         LINE#         146
  C:08B4H         LINE#         147
  C:08BAH         LINE#         148
  C:08C0H         LINE#         149
  C:08C0H         LINE#         150
  C:08C0H         LINE#         151
  C:08C0H         LINE#         152
  -------         ENDPROC       INTERRUPTUART2
  -------         ENDMOD        MAIN

  -------         MODULE        ?C?FPADD
  C:004DH         PUBLIC        ?C?FPADD
  C:0049H         PUBLIC        ?C?FPSUB
  -------         ENDMOD        ?C?FPADD

  -------         MODULE        ?C?FPMUL
  C:013EH         PUBLIC        ?C?FPMUL
  -------         ENDMOD        ?C?FPMUL

  -------         MODULE        ?C?FPDIV
  C:0247H         PUBLIC        ?C?FPDIV
  -------         ENDMOD        ?C?FPDIV

  -------         MODULE        ?C?FPCMP
  C:02E6H         PUBLIC        ?C?FPCMP
  C:02E4H         PUBLIC        ?C?FPCMP3
  -------         ENDMOD        ?C?FPCMP

  -------         MODULE        ?C?FCAST
  C:0367H         PUBLIC        ?C?FCASTC
  C:0362H         PUBLIC        ?C?FCASTI
  C:035DH         PUBLIC        ?C?FCASTL
  -------         ENDMOD        ?C?FCAST

  -------         MODULE        FABS
  C:0935H         PUBLIC        _FABS
  -------         ENDMOD        FABS

  -------         MODULE        ?C?CLDPTR
  C:03E5H         PUBLIC        ?C?CLDPTR
  -------         ENDMOD        ?C?CLDPTR

  -------         MODULE        ?C?LNEG
  C:03FEH         PUBLIC        ?C?LNEG
  -------         ENDMOD        ?C?LNEG

  -------         MODULE        ?C?LSTPDATA
  C:040CH         PUBLIC        ?C?LSTPDATA
BL51 BANKED LINKER/LOCATER V6.22.2.0                                                  02/05/2020  15:20:07  PAGE 7


  -------         ENDMOD        ?C?LSTPDATA

  -------         MODULE        ?C?LSTKPDATA
  C:0418H         PUBLIC        ?C?LSTKPDATA
  -------         ENDMOD        ?C?LSTKPDATA

Program Size: data=9.0 xdata=131 code=2352
LINK/LOCATE RUN COMPLETE.  0 WARNING(S),  0 ERROR(S)
